[I 2025-06-14 02:22:36.809 ServerApp] jupyter_lsp | extension was successfully linked.
[I 2025-06-14 02:22:36.812 ServerApp] jupyter_server_terminals | extension was successfully linked.
[I 2025-06-14 02:22:36.817 ServerApp] jupyterlab | extension was successfully linked.
[I 2025-06-14 02:22:36.818 ServerApp] jupyterlab_myst | extension was successfully linked.
[I 2025-06-14 02:22:36.818 ServerApp] Writing Jupyter server cookie secret to /home/morpheus/.local/share/jupyter/runtime/jupyter_cookie_secret
[I 2025-06-14 02:22:36.977 ServerApp] notebook_shim | extension was successfully linked.
/usr/local/lib/python3.13/dist-packages/traitlets/traitlets.py:1897: FutureWarning: ServerApp.preferred_dir config is deprecated in jupyter-server 2.0. Use FileContentsManager.preferred_dir instead
  return t.cast(Sentinel, self._get_trait_default_generator(names[0])(self))
[I 2025-06-14 02:22:36.988 ServerApp] notebook_shim | extension was successfully loaded.
[I 2025-06-14 02:22:36.989 ServerApp] jupyter_lsp | extension was successfully loaded.
[I 2025-06-14 02:22:36.990 ServerApp] jupyter_server_terminals | extension was successfully loaded.
[I 2025-06-14 02:22:36.991 LabApp] JupyterLab extension loaded from /usr/local/lib/python3.13/dist-packages/jupyterlab
[I 2025-06-14 02:22:36.991 LabApp] JupyterLab application directory is /usr/local/share/jupyter/lab
[I 2025-06-14 02:22:36.992 LabApp] Extension Manager is 'pypi'.
[I 2025-06-14 02:22:37.012 ServerApp] jupyterlab | extension was successfully loaded.
[I 2025-06-14 02:22:37.022 ServerApp] jupyterlab_myst | extension was successfully loaded.
[I 2025-06-14 02:22:37.022 ServerApp] Serving notebooks from local directory: /home/morpheus
[I 2025-06-14 02:22:37.022 ServerApp] Jupyter Server 2.15.0 is running at:
[I 2025-06-14 02:22:37.022 ServerApp] http://9f9a7ccbbd78:9999/lab?token=f08baac6b2f3804fdac306454732db97bfe93d3773832efa
[I 2025-06-14 02:22:37.023 ServerApp]     http://127.0.0.1:9999/lab?token=f08baac6b2f3804fdac306454732db97bfe93d3773832efa
[I 2025-06-14 02:22:37.023 ServerApp] Use Control-C to stop this server and shut down all kernels (twice to skip confirmation).
[C 2025-06-14 02:22:37.024 ServerApp] 
    
    To access the server, open this file in a browser:
        file:///home/morpheus/.local/share/jupyter/runtime/jpserver-7-open.html
    Or copy and paste one of these URLs:
        http://9f9a7ccbbd78:9999/lab?token=f08baac6b2f3804fdac306454732db97bfe93d3773832efa
        http://127.0.0.1:9999/lab?token=f08baac6b2f3804fdac306454732db97bfe93d3773832efa
[I 2025-06-14 02:22:37.389 ServerApp] Skipped non-installed server(s): bash-language-server, dockerfile-language-server-nodejs, javascript-typescript-langserver, jedi-language-server, julia-language-server, pyright, python-language-server, python-lsp-server, r-languageserver, sql-language-server, texlab, typescript-language-server, unified-language-server, vscode-css-languageserver-bin, vscode-html-languageserver-bin, vscode-json-languageserver-bin, yaml-language-server
[W 2025-06-14 02:23:15.629 ServerApp] Clearing invalid/expired login cookie username-localhost-8890
[I 2025-06-14 02:23:15.629 LabApp] 302 GET /lab/workspaces/research (@172.17.0.1) 0.98ms
[I 2025-06-14 02:23:25.648 ServerApp] User 4f4f0b48dbfe44b49eb7cb052d133d10 logged in.
[I 2025-06-14 02:23:25.648 ServerApp] 302 POST /login?next=%2Flab%2Fworkspaces%2Fresearch (4f4f0b48dbfe44b49eb7cb052d133d10@172.17.0.1) 1.00ms
[I 2025-06-14 02:23:26.787 LabApp] `sys_prefix` level settings are read-only, using `user` level for migration to `lockedExtensions`
[I 2025-06-14 02:23:26.794 LabApp] Build is up to date
[W 2025-06-14 02:24:23.895 ServerApp] delete /workspace/cache/arrinternal.csv
[W 2025-06-14 02:24:23.908 ServerApp] delete /workspace/cache/arrmixed.csv
[W 2025-06-14 02:24:23.908 ServerApp] delete /workspace/cache/isomixed.csv
[W 2025-06-14 02:24:23.908 ServerApp] delete /workspace/cache/isointernal.csv
[I 2025-06-14 02:24:39.414 ServerApp] Writing notebook-signing key to /home/morpheus/.local/share/jupyter/notebook_secret
[W 2025-06-14 02:24:39.415 ServerApp] Notebook workspace/book/content/chapter_04_critical/critical.ipynb is not trusted
[I 2025-06-14 02:24:39.756 ServerApp] Kernel started: decb5025-4c4a-4878-ab0d-b008bafa8fab
[I 2025-06-14 02:24:40.126 ServerApp] Connecting to kernel decb5025-4c4a-4878-ab0d-b008bafa8fab.
[I 2025-06-14 02:24:40.141 ServerApp] Starting buffering for decb5025-4c4a-4878-ab0d-b008bafa8fab:f3e10f87-70fc-4622-b1e4-0c530375ad07
[I 2025-06-14 02:24:40.153 ServerApp] Connecting to kernel decb5025-4c4a-4878-ab0d-b008bafa8fab.
[I 2025-06-14 02:24:40.181 ServerApp] Connecting to kernel decb5025-4c4a-4878-ab0d-b008bafa8fab.
[I 2025-06-14 02:24:45.264 ServerApp] Kernel restarted: decb5025-4c4a-4878-ab0d-b008bafa8fab
[I 2025-06-14 02:24:45.273 ServerApp] Starting buffering for decb5025-4c4a-4878-ab0d-b008bafa8fab:074e638b-7d25-4b78-8405-a2dab868bb32
[I 2025-06-14 02:24:45.331 ServerApp] Connecting to kernel decb5025-4c4a-4878-ab0d-b008bafa8fab.
[I 2025-06-14 02:24:45.331 ServerApp] Restoring connection for decb5025-4c4a-4878-ab0d-b008bafa8fab:074e638b-7d25-4b78-8405-a2dab868bb32
[I 2025-06-14 02:26:39.451 ServerApp] Saving file at /workspace/book/content/chapter_04_critical/critical.ipynb
[I 2025-06-14 02:27:19.830 ServerApp] Saving file at /workspace/thesiscode/cache.py
[I 2025-06-14 02:27:20.025 ServerApp] Saving file at /workspace/thesiscode/cache.py
[I 2025-06-14 02:27:20.203 ServerApp] Saving file at /workspace/thesiscode/cache.py
[I 2025-06-14 02:27:23.770 ServerApp] Kernel restarted: decb5025-4c4a-4878-ab0d-b008bafa8fab
[I 2025-06-14 02:27:23.777 ServerApp] Starting buffering for decb5025-4c4a-4878-ab0d-b008bafa8fab:074e638b-7d25-4b78-8405-a2dab868bb32
[I 2025-06-14 02:27:23.844 ServerApp] Connecting to kernel decb5025-4c4a-4878-ab0d-b008bafa8fab.
[I 2025-06-14 02:27:23.844 ServerApp] Restoring connection for decb5025-4c4a-4878-ab0d-b008bafa8fab:074e638b-7d25-4b78-8405-a2dab868bb32
[W 2025-06-14 02:27:47.632 ServerApp] delete /workspace/thesiscode/utilities/__init__.py
[W 2025-06-14 02:27:52.825 ServerApp] delete /workspace/thesiscode/utilities
[W 2025-06-14 02:27:52.826 ServerApp] 400 DELETE /api/contents/workspace/thesiscode/utilities?1749868072774 (172.17.0.1): Directory /home/morpheus/workspace/thesiscode/utilities not empty
[W 2025-06-14 02:27:52.826 ServerApp] wrote error: 'Directory /home/morpheus/workspace/thesiscode/utilities not empty'
    Traceback (most recent call last):
      File "/usr/local/lib/python3.13/dist-packages/tornado/web.py", line 1790, in _execute
        result = await result
                 ^^^^^^^^^^^^
      File "/usr/local/lib/python3.13/dist-packages/jupyter_server/auth/decorator.py", line 73, in inner
        return await out
               ^^^^^^^^^
      File "/usr/local/lib/python3.13/dist-packages/jupyter_server/services/contents/handlers.py", line 336, in delete
        await ensure_async(cm.delete(path))
      File "/usr/local/lib/python3.13/dist-packages/jupyter_core/utils/__init__.py", line 198, in ensure_async
        result = await obj
                 ^^^^^^^^^
      File "/usr/local/lib/python3.13/dist-packages/jupyter_server/services/contents/manager.py", line 900, in delete
        await self.delete_file(path)
      File "/usr/local/lib/python3.13/dist-packages/jupyter_server/services/contents/filemanager.py", line 1038, in delete_file
        raise web.HTTPError(400, "Directory %s not empty" % os_path)
    tornado.web.HTTPError: HTTP 400: Bad Request (Directory /home/morpheus/workspace/thesiscode/utilities not empty)
[W 2025-06-14 02:27:52.828 ServerApp] 400 DELETE /api/contents/workspace/thesiscode/utilities?1749868072774 (4f4f0b48dbfe44b49eb7cb052d133d10@172.17.0.1) 3.28ms referer=http://localhost:8890/lab/workspaces/research/tree/workspace/aliases.py
[I 2025-06-14 02:28:03.120 ServerApp] New terminal with automatic name: 1
[I 2025-06-14 02:28:18.002 ServerApp] EOF on FD 28; stopping reading
[I 2025-06-14 02:28:18.103 ServerApp] Terminal 1 closed
[I 2025-06-14 02:28:35.090 ServerApp] Saving file at /workspace/aliases.py
[I 2025-06-14 02:28:35.326 ServerApp] Saving file at /workspace/aliases.py
[I 2025-06-14 02:28:35.457 ServerApp] Saving file at /workspace/aliases.py
[I 2025-06-14 02:28:39.553 ServerApp] Saving file at /workspace/book/content/chapter_04_critical/critical.ipynb
[I 2025-06-14 02:28:43.521 ServerApp] Saving file at /workspace/aliases.py
[I 2025-06-14 02:28:43.713 ServerApp] Saving file at /workspace/aliases.py
[I 2025-06-14 02:28:43.921 ServerApp] Saving file at /workspace/aliases.py
[I 2025-06-14 02:28:44.082 ServerApp] Saving file at /workspace/aliases.py
[I 2025-06-14 02:28:54.350 ServerApp] Saving file at /workspace/aliases.py
[I 2025-06-14 02:28:54.555 ServerApp] Saving file at /workspace/aliases.py
[I 2025-06-14 02:28:54.918 ServerApp] Saving file at /workspace/aliases.py
[I 2025-06-14 02:29:11.742 ServerApp] Kernel restarted: decb5025-4c4a-4878-ab0d-b008bafa8fab
[I 2025-06-14 02:29:11.749 ServerApp] Starting buffering for decb5025-4c4a-4878-ab0d-b008bafa8fab:074e638b-7d25-4b78-8405-a2dab868bb32
[I 2025-06-14 02:29:11.794 ServerApp] Connecting to kernel decb5025-4c4a-4878-ab0d-b008bafa8fab.
[I 2025-06-14 02:29:11.794 ServerApp] Restoring connection for decb5025-4c4a-4878-ab0d-b008bafa8fab:074e638b-7d25-4b78-8405-a2dab868bb32
[I 2025-06-14 02:29:22.205 ServerApp] Saving file at /workspace/book/content/chapter_04_critical/critical.ipynb
[I 2025-06-14 02:29:22.401 ServerApp] Saving file at /workspace/book/content/chapter_04_critical/critical.ipynb
[I 2025-06-14 02:29:58.792 ServerApp] Saving file at /workspace/aliases.py
[I 2025-06-14 02:29:59.188 ServerApp] Saving file at /workspace/aliases.py
[I 2025-06-14 02:30:02.971 ServerApp] Kernel restarted: decb5025-4c4a-4878-ab0d-b008bafa8fab
[I 2025-06-14 02:30:02.977 ServerApp] Starting buffering for decb5025-4c4a-4878-ab0d-b008bafa8fab:074e638b-7d25-4b78-8405-a2dab868bb32
[I 2025-06-14 02:30:03.043 ServerApp] Connecting to kernel decb5025-4c4a-4878-ab0d-b008bafa8fab.
[I 2025-06-14 02:30:03.043 ServerApp] Restoring connection for decb5025-4c4a-4878-ab0d-b008bafa8fab:074e638b-7d25-4b78-8405-a2dab868bb32
[I 2025-06-14 02:30:21.114 ServerApp] Kernel restarted: decb5025-4c4a-4878-ab0d-b008bafa8fab
[I 2025-06-14 02:30:21.153 ServerApp] Starting buffering for decb5025-4c4a-4878-ab0d-b008bafa8fab:074e638b-7d25-4b78-8405-a2dab868bb32
[I 2025-06-14 02:30:21.209 ServerApp] Connecting to kernel decb5025-4c4a-4878-ab0d-b008bafa8fab.
[I 2025-06-14 02:30:21.210 ServerApp] Restoring connection for decb5025-4c4a-4878-ab0d-b008bafa8fab:074e638b-7d25-4b78-8405-a2dab868bb32
[I 2025-06-14 02:30:56.281 ServerApp] Saving file at /workspace/aliases.py
[I 2025-06-14 02:30:56.468 ServerApp] Saving file at /workspace/aliases.py
[I 2025-06-14 02:30:56.659 ServerApp] Saving file at /workspace/aliases.py
[I 2025-06-14 02:30:56.825 ServerApp] Saving file at /workspace/aliases.py
[I 2025-06-14 02:31:07.411 ServerApp] Saving file at /workspace/aliases.py
[I 2025-06-14 02:31:07.946 ServerApp] Saving file at /workspace/aliases.py
[I 2025-06-14 02:31:14.384 ServerApp] Saving file at /workspace/aliases.py
[I 2025-06-14 02:31:19.258 ServerApp] Saving file at /workspace/aliases.py
[I 2025-06-14 02:31:19.478 ServerApp] Saving file at /workspace/aliases.py
[I 2025-06-14 02:31:22.514 ServerApp] Saving file at /workspace/book/content/chapter_04_critical/critical.ipynb
[I 2025-06-14 02:31:24.972 ServerApp] Kernel restarted: decb5025-4c4a-4878-ab0d-b008bafa8fab
[I 2025-06-14 02:31:24.978 ServerApp] Starting buffering for decb5025-4c4a-4878-ab0d-b008bafa8fab:074e638b-7d25-4b78-8405-a2dab868bb32
[I 2025-06-14 02:31:25.029 ServerApp] Connecting to kernel decb5025-4c4a-4878-ab0d-b008bafa8fab.
[I 2025-06-14 02:31:25.029 ServerApp] Restoring connection for decb5025-4c4a-4878-ab0d-b008bafa8fab:074e638b-7d25-4b78-8405-a2dab868bb32
[I 2025-06-14 02:31:50.626 ServerApp] Saving file at /workspace/aliases.py
[I 2025-06-14 02:31:50.803 ServerApp] Saving file at /workspace/aliases.py
[I 2025-06-14 02:31:50.977 ServerApp] Saving file at /workspace/aliases.py
[I 2025-06-14 02:31:56.452 ServerApp] Kernel restarted: decb5025-4c4a-4878-ab0d-b008bafa8fab
[I 2025-06-14 02:31:56.460 ServerApp] Starting buffering for decb5025-4c4a-4878-ab0d-b008bafa8fab:074e638b-7d25-4b78-8405-a2dab868bb32
[I 2025-06-14 02:31:56.525 ServerApp] Connecting to kernel decb5025-4c4a-4878-ab0d-b008bafa8fab.
[I 2025-06-14 02:31:56.525 ServerApp] Restoring connection for decb5025-4c4a-4878-ab0d-b008bafa8fab:074e638b-7d25-4b78-8405-a2dab868bb32
[I 2025-06-14 02:33:22.567 ServerApp] Saving file at /workspace/book/content/chapter_04_critical/critical.ipynb
[I 2025-06-14 02:33:23.969 ServerApp] Saving file at /workspace/utilities/__init__.py
[I 2025-06-14 02:33:24.152 ServerApp] Saving file at /workspace/utilities/__init__.py
[I 2025-06-14 02:33:37.139 ServerApp] Kernel restarted: decb5025-4c4a-4878-ab0d-b008bafa8fab
[I 2025-06-14 02:33:37.145 ServerApp] Starting buffering for decb5025-4c4a-4878-ab0d-b008bafa8fab:074e638b-7d25-4b78-8405-a2dab868bb32
[I 2025-06-14 02:33:37.208 ServerApp] Connecting to kernel decb5025-4c4a-4878-ab0d-b008bafa8fab.
[I 2025-06-14 02:33:37.208 ServerApp] Restoring connection for decb5025-4c4a-4878-ab0d-b008bafa8fab:074e638b-7d25-4b78-8405-a2dab868bb32
[I 2025-06-14 02:34:06.936 ServerApp] Saving file at /workspace/utilities/cache.py
[I 2025-06-14 02:34:07.107 ServerApp] Saving file at /workspace/utilities/cache.py
[I 2025-06-14 02:34:48.682 ServerApp] Saving file at /workspace/utilities/cache.py
[I 2025-06-14 02:34:48.954 ServerApp] Saving file at /workspace/utilities/cache.py
[I 2025-06-14 02:34:49.117 ServerApp] Saving file at /workspace/utilities/cache.py
[I 2025-06-14 02:34:49.283 ServerApp] Saving file at /workspace/utilities/cache.py
[I 2025-06-14 02:34:49.442 ServerApp] Saving file at /workspace/utilities/cache.py
[I 2025-06-14 02:34:54.955 ServerApp] Kernel restarted: decb5025-4c4a-4878-ab0d-b008bafa8fab
[I 2025-06-14 02:34:54.962 ServerApp] Starting buffering for decb5025-4c4a-4878-ab0d-b008bafa8fab:074e638b-7d25-4b78-8405-a2dab868bb32
[I 2025-06-14 02:34:55.027 ServerApp] Connecting to kernel decb5025-4c4a-4878-ab0d-b008bafa8fab.
[I 2025-06-14 02:34:55.027 ServerApp] Restoring connection for decb5025-4c4a-4878-ab0d-b008bafa8fab:074e638b-7d25-4b78-8405-a2dab868bb32
[I 2025-06-14 02:35:22.662 ServerApp] Saving file at /workspace/book/content/chapter_04_critical/critical.ipynb
[I 2025-06-14 02:36:48.828 ServerApp] Saving file at /workspace/utilities/cache.py
[I 2025-06-14 02:37:21.100 ServerApp] Saving file at /workspace/utilities/cache.py
[I 2025-06-14 02:37:21.256 ServerApp] Saving file at /workspace/utilities/cache.py
[I 2025-06-14 02:37:21.408 ServerApp] Saving file at /workspace/utilities/cache.py
[I 2025-06-14 02:37:21.607 ServerApp] Saving file at /workspace/utilities/cache.py
[I 2025-06-14 02:37:21.759 ServerApp] Saving file at /workspace/utilities/cache.py
[I 2025-06-14 02:37:22.736 ServerApp] Saving file at /workspace/book/content/chapter_04_critical/critical.ipynb
[I 2025-06-14 02:38:01.782 ServerApp] Saving file at /workspace/utilities/cache.py
[I 2025-06-14 02:38:01.987 ServerApp] Saving file at /workspace/utilities/cache.py
[I 2025-06-14 02:38:02.144 ServerApp] Saving file at /workspace/utilities/cache.py
[I 2025-06-14 02:38:04.054 ServerApp] Saving file at /workspace/utilities/cache.py
[I 2025-06-14 02:38:04.242 ServerApp] Saving file at /workspace/utilities/cache.py
[I 2025-06-14 02:38:04.437 ServerApp] Saving file at /workspace/utilities/cache.py
[I 2025-06-14 02:38:04.586 ServerApp] Saving file at /workspace/utilities/cache.py
[I 2025-06-14 02:38:42.145 ServerApp] Saving file at /workspace/utilities/cache.py
[I 2025-06-14 02:38:42.354 ServerApp] Saving file at /workspace/utilities/cache.py
[I 2025-06-14 02:38:42.550 ServerApp] Saving file at /workspace/utilities/cache.py
[I 2025-06-14 02:38:42.866 ServerApp] Saving file at /workspace/utilities/cache.py
[I 2025-06-14 02:39:13.761 ServerApp] Saving file at /workspace/utilities/cache.py
[I 2025-06-14 02:39:13.938 ServerApp] Saving file at /workspace/utilities/cache.py
[I 2025-06-14 02:39:14.119 ServerApp] Saving file at /workspace/utilities/cache.py
[I 2025-06-14 02:39:14.281 ServerApp] Saving file at /workspace/utilities/cache.py
[I 2025-06-14 02:39:25.943 ServerApp] Saving file at /workspace/utilities/cache.py
[I 2025-06-14 02:39:26.145 ServerApp] Saving file at /workspace/utilities/cache.py
[I 2025-06-14 02:39:26.344 ServerApp] Saving file at /workspace/utilities/cache.py
[I 2025-06-14 02:39:26.496 ServerApp] Saving file at /workspace/utilities/cache.py
[I 2025-06-14 02:39:28.514 ServerApp] Saving file at /workspace/utilities/cache.py
[I 2025-06-14 02:39:28.710 ServerApp] Saving file at /workspace/utilities/cache.py
[I 2025-06-14 02:39:28.906 ServerApp] Saving file at /workspace/utilities/cache.py
[I 2025-06-14 02:39:50.843 ServerApp] Saving file at /workspace/utilities/cache.py
[I 2025-06-14 02:39:51.040 ServerApp] Saving file at /workspace/utilities/cache.py
[I 2025-06-14 02:39:51.222 ServerApp] Saving file at /workspace/utilities/cache.py
[I 2025-06-14 02:39:59.843 ServerApp] Saving file at /workspace/utilities/cache.py
[I 2025-06-14 02:40:00.024 ServerApp] Saving file at /workspace/utilities/cache.py
[I 2025-06-14 02:40:00.199 ServerApp] Saving file at /workspace/utilities/cache.py
[I 2025-06-14 02:40:00.373 ServerApp] Saving file at /workspace/utilities/cache.py
[I 2025-06-14 02:40:03.312 ServerApp] Saving file at /workspace/utilities/cache.py
[I 2025-06-14 02:40:03.506 ServerApp] Saving file at /workspace/utilities/cache.py
[I 2025-06-14 02:40:03.697 ServerApp] Saving file at /workspace/utilities/cache.py
[I 2025-06-14 02:40:03.873 ServerApp] Saving file at /workspace/utilities/cache.py
[I 2025-06-14 02:40:04.034 ServerApp] Saving file at /workspace/utilities/cache.py
[I 2025-06-14 02:41:51.619 ServerApp] Saving file at /workspace/utilities/cache.py
[I 2025-06-14 02:42:57.964 ServerApp] Saving file at /workspace/utilities/cache.py
[I 2025-06-14 02:42:58.128 ServerApp] Saving file at /workspace/utilities/cache.py
[I 2025-06-14 02:42:58.307 ServerApp] Saving file at /workspace/utilities/cache.py
[I 2025-06-14 02:42:59.923 ServerApp] Saving file at /workspace/utilities/cache.py
[I 2025-06-14 02:43:00.129 ServerApp] Saving file at /workspace/utilities/cache.py
[I 2025-06-14 02:43:00.290 ServerApp] Saving file at /workspace/utilities/cache.py
[I 2025-06-14 02:43:00.453 ServerApp] Saving file at /workspace/utilities/cache.py
[I 2025-06-14 02:43:07.642 ServerApp] Saving file at /workspace/utilities/cache.py
[I 2025-06-14 02:43:07.856 ServerApp] Saving file at /workspace/utilities/cache.py
[I 2025-06-14 02:43:08.016 ServerApp] Saving file at /workspace/utilities/cache.py
[I 2025-06-14 02:43:08.161 ServerApp] Saving file at /workspace/utilities/cache.py
[W 2025-06-14 02:43:22.634 ServerApp] delete /workspace/cache/crit_isointernal.csv
[W 2025-06-14 02:43:22.635 ServerApp] delete /workspace/cache/crit_arrinternal.csv
[W 2025-06-14 02:43:22.635 ServerApp] delete /workspace/cache/crit_arrmixed.csv
[W 2025-06-14 02:43:22.637 ServerApp] delete /workspace/cache/crit_isomixed.csv
[I 2025-06-14 02:43:22.849 ServerApp] Saving file at /workspace/book/content/chapter_04_critical/critical.ipynb
[I 2025-06-14 02:43:26.111 ServerApp] Kernel restarted: decb5025-4c4a-4878-ab0d-b008bafa8fab
[I 2025-06-14 02:43:26.117 ServerApp] Starting buffering for decb5025-4c4a-4878-ab0d-b008bafa8fab:074e638b-7d25-4b78-8405-a2dab868bb32
[I 2025-06-14 02:43:26.176 ServerApp] Connecting to kernel decb5025-4c4a-4878-ab0d-b008bafa8fab.
[I 2025-06-14 02:43:26.176 ServerApp] Restoring connection for decb5025-4c4a-4878-ab0d-b008bafa8fab:074e638b-7d25-4b78-8405-a2dab868bb32
[I 2025-06-14 02:43:44.147 ServerApp] Kernel restarted: decb5025-4c4a-4878-ab0d-b008bafa8fab
[I 2025-06-14 02:43:44.155 ServerApp] Starting buffering for decb5025-4c4a-4878-ab0d-b008bafa8fab:074e638b-7d25-4b78-8405-a2dab868bb32
[I 2025-06-14 02:43:44.218 ServerApp] Connecting to kernel decb5025-4c4a-4878-ab0d-b008bafa8fab.
[I 2025-06-14 02:43:44.218 ServerApp] Restoring connection for decb5025-4c4a-4878-ab0d-b008bafa8fab:074e638b-7d25-4b78-8405-a2dab868bb32
[I 2025-06-14 02:45:01.731 ServerApp] Saving file at /workspace/utilities/cache.py
[I 2025-06-14 02:45:01.925 ServerApp] Saving file at /workspace/utilities/cache.py
[I 2025-06-14 02:45:02.080 ServerApp] Saving file at /workspace/utilities/cache.py
[I 2025-06-14 02:45:22.945 ServerApp] Saving file at /workspace/book/content/chapter_04_critical/critical.ipynb
[W 2025-06-14 02:45:25.064 ServerApp] delete /workspace/cache/crit_arrinternal.csv
[W 2025-06-14 02:45:25.065 ServerApp] delete /workspace/cache/crit_arrmixed.csv
[W 2025-06-14 02:45:25.067 ServerApp] delete /workspace/cache/crit_isointernal.csv
[W 2025-06-14 02:45:25.069 ServerApp] delete /workspace/cache/crit_isomixed.csv
[I 2025-06-14 02:45:28.861 ServerApp] Kernel restarted: decb5025-4c4a-4878-ab0d-b008bafa8fab
[I 2025-06-14 02:45:28.874 ServerApp] Starting buffering for decb5025-4c4a-4878-ab0d-b008bafa8fab:074e638b-7d25-4b78-8405-a2dab868bb32
[I 2025-06-14 02:45:28.940 ServerApp] Connecting to kernel decb5025-4c4a-4878-ab0d-b008bafa8fab.
[I 2025-06-14 02:45:28.940 ServerApp] Restoring connection for decb5025-4c4a-4878-ab0d-b008bafa8fab:074e638b-7d25-4b78-8405-a2dab868bb32
[I 2025-06-14 02:47:23.022 ServerApp] Saving file at /workspace/book/content/chapter_04_critical/critical.ipynb
[I 2025-06-14 02:48:19.911 ServerApp] Saving file at /workspace/utilities/cache.py
[I 2025-06-14 02:48:20.084 ServerApp] Saving file at /workspace/utilities/cache.py
[I 2025-06-14 02:48:23.630 ServerApp] Kernel restarted: decb5025-4c4a-4878-ab0d-b008bafa8fab
[I 2025-06-14 02:48:23.653 ServerApp] Starting buffering for decb5025-4c4a-4878-ab0d-b008bafa8fab:074e638b-7d25-4b78-8405-a2dab868bb32
[I 2025-06-14 02:48:23.720 ServerApp] Connecting to kernel decb5025-4c4a-4878-ab0d-b008bafa8fab.
[I 2025-06-14 02:48:23.720 ServerApp] Restoring connection for decb5025-4c4a-4878-ab0d-b008bafa8fab:074e638b-7d25-4b78-8405-a2dab868bb32
[I 2025-06-14 02:49:13.031 ServerApp] Kernel restarted: decb5025-4c4a-4878-ab0d-b008bafa8fab
[I 2025-06-14 02:49:13.039 ServerApp] Starting buffering for decb5025-4c4a-4878-ab0d-b008bafa8fab:074e638b-7d25-4b78-8405-a2dab868bb32
[I 2025-06-14 02:49:13.092 ServerApp] Connecting to kernel decb5025-4c4a-4878-ab0d-b008bafa8fab.
[I 2025-06-14 02:49:13.092 ServerApp] Restoring connection for decb5025-4c4a-4878-ab0d-b008bafa8fab:074e638b-7d25-4b78-8405-a2dab868bb32
[I 2025-06-14 02:49:23.126 ServerApp] Saving file at /workspace/book/content/chapter_04_critical/critical.ipynb
[I 2025-06-14 02:50:00.314 ServerApp] Saving file at /workspace/utilities/cache.py
[I 2025-06-14 02:50:00.526 ServerApp] Saving file at /workspace/utilities/cache.py
[I 2025-06-14 02:50:00.759 ServerApp] Saving file at /workspace/utilities/cache.py
[I 2025-06-14 02:50:00.971 ServerApp] Saving file at /workspace/utilities/cache.py
[I 2025-06-14 02:50:11.994 ServerApp] Kernel restarted: decb5025-4c4a-4878-ab0d-b008bafa8fab
[I 2025-06-14 02:50:12.001 ServerApp] Starting buffering for decb5025-4c4a-4878-ab0d-b008bafa8fab:074e638b-7d25-4b78-8405-a2dab868bb32
[I 2025-06-14 02:50:12.087 ServerApp] Connecting to kernel decb5025-4c4a-4878-ab0d-b008bafa8fab.
[I 2025-06-14 02:50:12.087 ServerApp] Restoring connection for decb5025-4c4a-4878-ab0d-b008bafa8fab:074e638b-7d25-4b78-8405-a2dab868bb32
[I 2025-06-14 02:50:31.783 ServerApp] Kernel restarted: decb5025-4c4a-4878-ab0d-b008bafa8fab
[I 2025-06-14 02:50:31.790 ServerApp] Starting buffering for decb5025-4c4a-4878-ab0d-b008bafa8fab:074e638b-7d25-4b78-8405-a2dab868bb32
[I 2025-06-14 02:50:31.885 ServerApp] Connecting to kernel decb5025-4c4a-4878-ab0d-b008bafa8fab.
[I 2025-06-14 02:50:31.885 ServerApp] Restoring connection for decb5025-4c4a-4878-ab0d-b008bafa8fab:074e638b-7d25-4b78-8405-a2dab868bb32
[I 2025-06-14 02:50:43.713 ServerApp] Saving file at /workspace/utilities/cache.py
[I 2025-06-14 02:50:48.372 ServerApp] Kernel restarted: decb5025-4c4a-4878-ab0d-b008bafa8fab
[I 2025-06-14 02:50:48.379 ServerApp] Starting buffering for decb5025-4c4a-4878-ab0d-b008bafa8fab:074e638b-7d25-4b78-8405-a2dab868bb32
[I 2025-06-14 02:50:48.440 ServerApp] Connecting to kernel decb5025-4c4a-4878-ab0d-b008bafa8fab.
[I 2025-06-14 02:50:48.440 ServerApp] Restoring connection for decb5025-4c4a-4878-ab0d-b008bafa8fab:074e638b-7d25-4b78-8405-a2dab868bb32
[I 2025-06-14 02:51:23.231 ServerApp] Saving file at /workspace/book/content/chapter_04_critical/critical.ipynb
[I 2025-06-14 03:18:18.861 ServerApp] Creating new file in /workspace/book/content/chapter_04_critical
[I 2025-06-14 03:18:38.711 ServerApp] Saving file at /workspace/book/content/chapter_04_critical/load.py
[I 2025-06-14 03:18:38.907 ServerApp] Saving file at /workspace/book/content/chapter_04_critical/load.py
[I 2025-06-14 03:18:45.537 ServerApp] Saving file at /workspace/book/content/chapter_04_critical/load.py
[I 2025-06-14 03:18:45.743 ServerApp] Saving file at /workspace/book/content/chapter_04_critical/load.py
[I 2025-06-14 03:18:45.910 ServerApp] Saving file at /workspace/book/content/chapter_04_critical/load.py
[I 2025-06-14 03:18:58.784 ServerApp] Kernel restarted: decb5025-4c4a-4878-ab0d-b008bafa8fab
[I 2025-06-14 03:18:58.806 ServerApp] Starting buffering for decb5025-4c4a-4878-ab0d-b008bafa8fab:074e638b-7d25-4b78-8405-a2dab868bb32
[I 2025-06-14 03:18:58.869 ServerApp] Connecting to kernel decb5025-4c4a-4878-ab0d-b008bafa8fab.
[I 2025-06-14 03:18:58.869 ServerApp] Restoring connection for decb5025-4c4a-4878-ab0d-b008bafa8fab:074e638b-7d25-4b78-8405-a2dab868bb32
[I 2025-06-14 03:19:18.356 ServerApp] Saving file at /workspace/book/content/chapter_04_critical/local.py
[I 2025-06-14 03:19:18.544 ServerApp] Saving file at /workspace/book/content/chapter_04_critical/local.py
[I 2025-06-14 03:19:18.719 ServerApp] Saving file at /workspace/book/content/chapter_04_critical/local.py
[I 2025-06-14 03:19:24.983 ServerApp] Kernel restarted: decb5025-4c4a-4878-ab0d-b008bafa8fab
[I 2025-06-14 03:19:24.989 ServerApp] Starting buffering for decb5025-4c4a-4878-ab0d-b008bafa8fab:074e638b-7d25-4b78-8405-a2dab868bb32
[I 2025-06-14 03:19:25.086 ServerApp] Connecting to kernel decb5025-4c4a-4878-ab0d-b008bafa8fab.
[I 2025-06-14 03:19:25.086 ServerApp] Restoring connection for decb5025-4c4a-4878-ab0d-b008bafa8fab:074e638b-7d25-4b78-8405-a2dab868bb32
[I 2025-06-14 03:19:36.929 ServerApp] Saving file at /workspace/book/content/chapter_04_critical/critical.ipynb
[I 2025-06-14 03:21:37.028 ServerApp] Saving file at /workspace/book/content/chapter_04_critical/critical.ipynb
[I 2025-06-14 03:23:37.916 ServerApp] Saving file at /workspace/book/content/chapter_04_critical/critical.ipynb
[I 2025-06-14 03:24:56.932 ServerApp] Saving file at /workspace/book/content/chapter_04_critical/critical.ipynb
[I 2025-06-14 03:24:57.144 ServerApp] Saving file at /workspace/book/content/chapter_04_critical/critical.ipynb
[I 2025-06-14 03:25:39.665 ServerApp] Saving file at /workspace/utilities/cache.py
[I 2025-06-14 03:25:39.857 ServerApp] Saving file at /workspace/utilities/cache.py
[I 2025-06-14 03:25:40.031 ServerApp] Saving file at /workspace/utilities/cache.py
[I 2025-06-14 03:25:47.310 ServerApp] Saving file at /workspace/utilities/cache.py
[I 2025-06-14 03:25:52.239 ServerApp] Kernel restarted: decb5025-4c4a-4878-ab0d-b008bafa8fab
[I 2025-06-14 03:25:52.259 ServerApp] Starting buffering for decb5025-4c4a-4878-ab0d-b008bafa8fab:074e638b-7d25-4b78-8405-a2dab868bb32
[I 2025-06-14 03:25:52.357 ServerApp] Connecting to kernel decb5025-4c4a-4878-ab0d-b008bafa8fab.
[I 2025-06-14 03:25:52.357 ServerApp] Restoring connection for decb5025-4c4a-4878-ab0d-b008bafa8fab:074e638b-7d25-4b78-8405-a2dab868bb32
[I 2025-06-14 03:26:36.335 ServerApp] Saving file at /workspace/book/content/chapter_04_critical/local.py
[I 2025-06-14 03:26:36.562 ServerApp] Saving file at /workspace/book/content/chapter_04_critical/local.py
[I 2025-06-14 03:26:36.717 ServerApp] Saving file at /workspace/book/content/chapter_04_critical/local.py
[I 2025-06-14 03:26:43.969 ServerApp] Saving file at /workspace/book/content/chapter_04_critical/local.py
[I 2025-06-14 03:26:44.196 ServerApp] Saving file at /workspace/book/content/chapter_04_critical/local.py
[I 2025-06-14 03:26:44.366 ServerApp] Saving file at /workspace/book/content/chapter_04_critical/local.py
[I 2025-06-14 03:26:57.173 ServerApp] Saving file at /workspace/book/content/chapter_04_critical/critical.ipynb
[I 2025-06-14 03:28:31.795 ServerApp] Kernel restarted: decb5025-4c4a-4878-ab0d-b008bafa8fab
[I 2025-06-14 03:28:31.803 ServerApp] Starting buffering for decb5025-4c4a-4878-ab0d-b008bafa8fab:074e638b-7d25-4b78-8405-a2dab868bb32
[I 2025-06-14 03:28:31.895 ServerApp] Connecting to kernel decb5025-4c4a-4878-ab0d-b008bafa8fab.
[I 2025-06-14 03:28:31.895 ServerApp] Restoring connection for decb5025-4c4a-4878-ab0d-b008bafa8fab:074e638b-7d25-4b78-8405-a2dab868bb32
[I 2025-06-14 03:28:57.302 ServerApp] Saving file at /workspace/book/content/chapter_04_critical/critical.ipynb
[I 2025-06-14 03:29:01.667 ServerApp] Saving file at /workspace/book/content/chapter_04_critical/local.py
[I 2025-06-14 03:29:01.855 ServerApp] Saving file at /workspace/book/content/chapter_04_critical/local.py
[I 2025-06-14 03:29:04.855 ServerApp] Kernel restarted: decb5025-4c4a-4878-ab0d-b008bafa8fab
[I 2025-06-14 03:29:04.866 ServerApp] Starting buffering for decb5025-4c4a-4878-ab0d-b008bafa8fab:074e638b-7d25-4b78-8405-a2dab868bb32
[I 2025-06-14 03:29:04.947 ServerApp] Connecting to kernel decb5025-4c4a-4878-ab0d-b008bafa8fab.
[I 2025-06-14 03:29:04.947 ServerApp] Restoring connection for decb5025-4c4a-4878-ab0d-b008bafa8fab:074e638b-7d25-4b78-8405-a2dab868bb32
[I 2025-06-14 03:30:21.410 ServerApp] Saving file at /workspace/book/content/chapter_04_critical/local.py
[I 2025-06-14 03:30:21.599 ServerApp] Saving file at /workspace/book/content/chapter_04_critical/local.py
[I 2025-06-14 03:30:29.277 ServerApp] Kernel restarted: decb5025-4c4a-4878-ab0d-b008bafa8fab
[I 2025-06-14 03:30:29.286 ServerApp] Starting buffering for decb5025-4c4a-4878-ab0d-b008bafa8fab:074e638b-7d25-4b78-8405-a2dab868bb32
[I 2025-06-14 03:30:29.350 ServerApp] Connecting to kernel decb5025-4c4a-4878-ab0d-b008bafa8fab.
[I 2025-06-14 03:30:29.350 ServerApp] Restoring connection for decb5025-4c4a-4878-ab0d-b008bafa8fab:074e638b-7d25-4b78-8405-a2dab868bb32
[I 2025-06-14 03:30:54.275 ServerApp] Saving file at /workspace/book/content/chapter_04_critical/local.py
[I 2025-06-14 03:30:54.483 ServerApp] Saving file at /workspace/book/content/chapter_04_critical/local.py
[I 2025-06-14 03:30:57.501 ServerApp] Saving file at /workspace/book/content/chapter_04_critical/critical.ipynb
[I 2025-06-14 03:30:58.454 ServerApp] Kernel restarted: decb5025-4c4a-4878-ab0d-b008bafa8fab
[I 2025-06-14 03:30:58.464 ServerApp] Starting buffering for decb5025-4c4a-4878-ab0d-b008bafa8fab:074e638b-7d25-4b78-8405-a2dab868bb32
[I 2025-06-14 03:30:58.555 ServerApp] Connecting to kernel decb5025-4c4a-4878-ab0d-b008bafa8fab.
[I 2025-06-14 03:30:58.555 ServerApp] Restoring connection for decb5025-4c4a-4878-ab0d-b008bafa8fab:074e638b-7d25-4b78-8405-a2dab868bb32
[I 2025-06-14 03:31:26.735 ServerApp] Saving file at /workspace/utilities/cache.py
[I 2025-06-14 03:31:26.941 ServerApp] Saving file at /workspace/utilities/cache.py
[I 2025-06-14 03:31:27.071 ServerApp] Saving file at /workspace/utilities/cache.py
[I 2025-06-14 03:31:29.233 ServerApp] Kernel restarted: decb5025-4c4a-4878-ab0d-b008bafa8fab
[I 2025-06-14 03:31:29.245 ServerApp] Starting buffering for decb5025-4c4a-4878-ab0d-b008bafa8fab:074e638b-7d25-4b78-8405-a2dab868bb32
[I 2025-06-14 03:31:29.315 ServerApp] Connecting to kernel decb5025-4c4a-4878-ab0d-b008bafa8fab.
[I 2025-06-14 03:31:29.315 ServerApp] Restoring connection for decb5025-4c4a-4878-ab0d-b008bafa8fab:074e638b-7d25-4b78-8405-a2dab868bb32
[I 2025-06-14 03:31:43.015 ServerApp] Saving file at /workspace/utilities/cache.py
[I 2025-06-14 03:31:43.228 ServerApp] Saving file at /workspace/utilities/cache.py
[I 2025-06-14 03:31:43.376 ServerApp] Saving file at /workspace/utilities/cache.py
[I 2025-06-14 03:32:15.203 ServerApp] Saving file at /workspace/utilities/cache.py
[I 2025-06-14 03:32:15.393 ServerApp] Saving file at /workspace/utilities/cache.py
[I 2025-06-14 03:32:15.582 ServerApp] Saving file at /workspace/utilities/cache.py
[I 2025-06-14 03:32:17.985 ServerApp] Kernel restarted: decb5025-4c4a-4878-ab0d-b008bafa8fab
[I 2025-06-14 03:32:17.991 ServerApp] Starting buffering for decb5025-4c4a-4878-ab0d-b008bafa8fab:074e638b-7d25-4b78-8405-a2dab868bb32
[I 2025-06-14 03:32:18.057 ServerApp] Connecting to kernel decb5025-4c4a-4878-ab0d-b008bafa8fab.
[I 2025-06-14 03:32:18.057 ServerApp] Restoring connection for decb5025-4c4a-4878-ab0d-b008bafa8fab:074e638b-7d25-4b78-8405-a2dab868bb32
[I 2025-06-14 03:32:57.796 ServerApp] Saving file at /workspace/book/content/chapter_04_critical/critical.ipynb
[I 2025-06-14 03:34:18.118 ServerApp] Saving file at /workspace/book/content/chapter_04_critical/local.py
[I 2025-06-14 03:34:18.319 ServerApp] Saving file at /workspace/book/content/chapter_04_critical/local.py
[I 2025-06-14 03:34:24.938 ServerApp] Kernel restarted: decb5025-4c4a-4878-ab0d-b008bafa8fab
[I 2025-06-14 03:34:24.948 ServerApp] Starting buffering for decb5025-4c4a-4878-ab0d-b008bafa8fab:074e638b-7d25-4b78-8405-a2dab868bb32
[I 2025-06-14 03:34:25.039 ServerApp] Connecting to kernel decb5025-4c4a-4878-ab0d-b008bafa8fab.
[I 2025-06-14 03:34:25.039 ServerApp] Restoring connection for decb5025-4c4a-4878-ab0d-b008bafa8fab:074e638b-7d25-4b78-8405-a2dab868bb32
[I 2025-06-14 03:34:51.648 ServerApp] Saving file at /workspace/book/content/chapter_04_critical/critical.ipynb
[I 2025-06-14 03:35:18.625 ServerApp] Saving file at /workspace/book/content/chapter_04_critical/local.py
[I 2025-06-14 03:35:18.800 ServerApp] Saving file at /workspace/book/content/chapter_04_critical/local.py
[I 2025-06-14 03:35:18.960 ServerApp] Saving file at /workspace/book/content/chapter_04_critical/local.py
[I 2025-06-14 03:35:23.863 ServerApp] Kernel restarted: decb5025-4c4a-4878-ab0d-b008bafa8fab
[I 2025-06-14 03:35:23.873 ServerApp] Starting buffering for decb5025-4c4a-4878-ab0d-b008bafa8fab:074e638b-7d25-4b78-8405-a2dab868bb32
[I 2025-06-14 03:35:23.936 ServerApp] Connecting to kernel decb5025-4c4a-4878-ab0d-b008bafa8fab.
[I 2025-06-14 03:35:23.936 ServerApp] Restoring connection for decb5025-4c4a-4878-ab0d-b008bafa8fab:074e638b-7d25-4b78-8405-a2dab868bb32
[I 2025-06-14 03:36:51.741 ServerApp] Saving file at /workspace/book/content/chapter_04_critical/critical.ipynb
[W 2025-06-14 03:38:40.811 ServerApp] Notebook workspace/analysis/isovisc/isovisc_000.ipynb is not trusted
[I 2025-06-14 03:38:41.818 ServerApp] Kernel started: 43cc80fe-9de1-4ff1-bab5-98af7bd7622d
[I 2025-06-14 03:38:42.240 ServerApp] Connecting to kernel 43cc80fe-9de1-4ff1-bab5-98af7bd7622d.
[I 2025-06-14 03:38:45.528 ServerApp] Kernel restarted: 43cc80fe-9de1-4ff1-bab5-98af7bd7622d
[I 2025-06-14 03:38:45.539 ServerApp] Starting buffering for 43cc80fe-9de1-4ff1-bab5-98af7bd7622d:c89c60e6-fc01-4865-947e-d472b11d206a
[I 2025-06-14 03:38:45.638 ServerApp] Connecting to kernel 43cc80fe-9de1-4ff1-bab5-98af7bd7622d.
[I 2025-06-14 03:38:45.638 ServerApp] Restoring connection for 43cc80fe-9de1-4ff1-bab5-98af7bd7622d:c89c60e6-fc01-4865-947e-d472b11d206a
[I 2025-06-14 03:38:51.934 ServerApp] Saving file at /workspace/book/content/chapter_04_critical/critical.ipynb
[I 2025-06-14 03:40:42.837 ServerApp] Saving file at /workspace/analysis/isovisc/isovisc_000.ipynb
[W 2025-06-14 03:40:42.837 ServerApp] Notebook workspace/analysis/isovisc/isovisc_000.ipynb is not trusted
[I 2025-06-14 03:41:22.276 ServerApp] Saving file at /workspace/analysis/isovisc/data.py
[I 2025-06-14 03:41:22.481 ServerApp] Saving file at /workspace/analysis/isovisc/data.py
[I 2025-06-14 03:41:22.670 ServerApp] Saving file at /workspace/analysis/isovisc/data.py
[I 2025-06-14 03:41:22.853 ServerApp] Saving file at /workspace/analysis/isovisc/data.py
[I 2025-06-14 03:41:42.149 ServerApp] Saving file at /workspace/analysis/isovisc/data.py
[I 2025-06-14 03:41:42.322 ServerApp] Saving file at /workspace/analysis/isovisc/data.py
[I 2025-06-14 03:41:42.513 ServerApp] Saving file at /workspace/analysis/isovisc/data.py
[I 2025-06-14 03:42:34.692 ServerApp] Saving file at /workspace/analysis/isovisc/data.py
[I 2025-06-14 03:42:34.918 ServerApp] Saving file at /workspace/analysis/isovisc/data.py
[I 2025-06-14 03:42:35.105 ServerApp] Saving file at /workspace/analysis/isovisc/data.py
[I 2025-06-14 03:42:35.285 ServerApp] Saving file at /workspace/analysis/isovisc/data.py
[I 2025-06-14 03:42:35.461 ServerApp] Saving file at /workspace/analysis/isovisc/data.py
[I 2025-06-14 03:42:46.963 ServerApp] Saving file at /workspace/analysis/isovisc/data.py
[I 2025-06-14 03:42:47.171 ServerApp] Saving file at /workspace/analysis/isovisc/data.py
[I 2025-06-14 03:42:47.333 ServerApp] Saving file at /workspace/analysis/isovisc/data.py
[I 2025-06-14 03:42:47.537 ServerApp] Saving file at /workspace/analysis/isovisc/data.py
[I 2025-06-14 03:43:00.010 ServerApp] Saving file at /workspace/analysis/isovisc/data.py
[I 2025-06-14 03:43:00.190 ServerApp] Saving file at /workspace/analysis/isovisc/data.py
[I 2025-06-14 03:43:00.371 ServerApp] Saving file at /workspace/analysis/isovisc/data.py
[I 2025-06-14 03:43:24.423 ServerApp] Saving file at /workspace/analysis/isovisc/data.py
[I 2025-06-14 03:43:24.610 ServerApp] Saving file at /workspace/analysis/isovisc/data.py
[I 2025-06-14 03:43:31.391 ServerApp] Saving file at /workspace/analysis/isovisc/data.py
[I 2025-06-14 03:43:31.589 ServerApp] Saving file at /workspace/analysis/isovisc/data.py
[I 2025-06-14 03:43:31.732 ServerApp] Saving file at /workspace/analysis/isovisc/data.py
[I 2025-06-14 03:43:41.699 ServerApp] Saving file at /workspace/analysis/isovisc/data.py
[I 2025-06-14 03:43:41.906 ServerApp] Saving file at /workspace/analysis/isovisc/data.py
[I 2025-06-14 03:43:42.095 ServerApp] Saving file at /workspace/analysis/isovisc/data.py
[I 2025-06-14 03:43:42.255 ServerApp] Saving file at /workspace/analysis/isovisc/data.py
[I 2025-06-14 03:44:08.598 ServerApp] Saving file at /workspace/analysis/isovisc/data.py
[I 2025-06-14 03:44:08.755 ServerApp] Saving file at /workspace/analysis/isovisc/data.py
[I 2025-06-14 03:44:46.934 ServerApp] Saving file at /workspace/analysis/isovisc/data.py
[I 2025-06-14 03:44:47.140 ServerApp] Saving file at /workspace/analysis/isovisc/data.py
[I 2025-06-14 03:44:47.313 ServerApp] Saving file at /workspace/analysis/isovisc/data.py
[I 2025-06-14 03:44:50.532 ServerApp] Saving file at /workspace/analysis/isovisc/data.py
[I 2025-06-14 03:44:50.742 ServerApp] Saving file at /workspace/analysis/isovisc/data.py
[I 2025-06-14 03:44:50.959 ServerApp] Saving file at /workspace/analysis/isovisc/data.py
[I 2025-06-14 03:44:51.106 ServerApp] Saving file at /workspace/analysis/isovisc/data.py
[I 2025-06-14 03:45:03.593 ServerApp] Saving file at /workspace/analysis/isovisc/data.py
[I 2025-06-14 03:45:03.781 ServerApp] Saving file at /workspace/analysis/isovisc/data.py
[I 2025-06-14 03:45:03.975 ServerApp] Saving file at /workspace/analysis/isovisc/data.py
[I 2025-06-14 03:45:04.144 ServerApp] Saving file at /workspace/analysis/isovisc/data.py
[I 2025-06-14 03:45:04.324 ServerApp] Saving file at /workspace/analysis/isovisc/data.py
[I 2025-06-14 03:45:06.498 ServerApp] Saving file at /workspace/analysis/isovisc/data.py
[I 2025-06-14 03:45:06.658 ServerApp] Saving file at /workspace/analysis/isovisc/data.py
[I 2025-06-14 03:45:21.109 ServerApp] Kernel restarted: 43cc80fe-9de1-4ff1-bab5-98af7bd7622d
[I 2025-06-14 03:45:21.116 ServerApp] Starting buffering for 43cc80fe-9de1-4ff1-bab5-98af7bd7622d:c89c60e6-fc01-4865-947e-d472b11d206a
[I 2025-06-14 03:45:21.173 ServerApp] Connecting to kernel 43cc80fe-9de1-4ff1-bab5-98af7bd7622d.
[I 2025-06-14 03:45:21.173 ServerApp] Restoring connection for 43cc80fe-9de1-4ff1-bab5-98af7bd7622d:c89c60e6-fc01-4865-947e-d472b11d206a
[I 2025-06-14 03:45:38.498 ServerApp] Saving file at /workspace/analysis/isovisc/data.py
[I 2025-06-14 03:45:38.673 ServerApp] Saving file at /workspace/analysis/isovisc/data.py
[I 2025-06-14 03:45:38.831 ServerApp] Saving file at /workspace/analysis/isovisc/data.py
[I 2025-06-14 03:45:41.677 ServerApp] Kernel restarted: 43cc80fe-9de1-4ff1-bab5-98af7bd7622d
[I 2025-06-14 03:45:41.685 ServerApp] Starting buffering for 43cc80fe-9de1-4ff1-bab5-98af7bd7622d:c89c60e6-fc01-4865-947e-d472b11d206a
[I 2025-06-14 03:45:41.755 ServerApp] Connecting to kernel 43cc80fe-9de1-4ff1-bab5-98af7bd7622d.
[I 2025-06-14 03:45:41.755 ServerApp] Restoring connection for 43cc80fe-9de1-4ff1-bab5-98af7bd7622d:c89c60e6-fc01-4865-947e-d472b11d206a
[I 2025-06-14 03:46:04.546 ServerApp] Saving file at /workspace/analysis/isovisc/data.py
[I 2025-06-14 03:46:04.773 ServerApp] Saving file at /workspace/analysis/isovisc/data.py
[I 2025-06-14 03:46:04.963 ServerApp] Saving file at /workspace/analysis/isovisc/data.py
[I 2025-06-14 03:46:05.161 ServerApp] Saving file at /workspace/analysis/isovisc/data.py
[I 2025-06-14 03:46:05.323 ServerApp] Saving file at /workspace/analysis/isovisc/data.py
[I 2025-06-14 03:46:05.494 ServerApp] Saving file at /workspace/analysis/isovisc/data.py
[I 2025-06-14 03:46:16.057 ServerApp] Kernel restarted: 43cc80fe-9de1-4ff1-bab5-98af7bd7622d
[I 2025-06-14 03:46:16.066 ServerApp] Starting buffering for 43cc80fe-9de1-4ff1-bab5-98af7bd7622d:c89c60e6-fc01-4865-947e-d472b11d206a
[I 2025-06-14 03:46:16.128 ServerApp] Connecting to kernel 43cc80fe-9de1-4ff1-bab5-98af7bd7622d.
[I 2025-06-14 03:46:16.128 ServerApp] Restoring connection for 43cc80fe-9de1-4ff1-bab5-98af7bd7622d:c89c60e6-fc01-4865-947e-d472b11d206a
[I 2025-06-14 03:46:44.445 ServerApp] Saving file at /workspace/analysis/isovisc/isovisc_000.ipynb
[W 2025-06-14 03:46:44.445 ServerApp] Notebook workspace/analysis/isovisc/isovisc_000.ipynb is not trusted
[I 2025-06-14 03:47:56.625 ServerApp] Saving file at /workspace/analysis/isovisc/data.py
[I 2025-06-14 03:47:56.832 ServerApp] Saving file at /workspace/analysis/isovisc/data.py
[I 2025-06-14 03:47:57.009 ServerApp] Saving file at /workspace/analysis/isovisc/data.py
[I 2025-06-14 03:47:57.185 ServerApp] Saving file at /workspace/analysis/isovisc/data.py
[I 2025-06-14 03:48:09.768 ServerApp] Creating new directory in /workspace/cache
[W 2025-06-14 03:48:18.332 ServerApp] /home/morpheus/workspace/cache/arrhenius_averages.csv doesn't exist
[I 2025-06-14 03:48:27.063 ServerApp] Kernel restarted: 43cc80fe-9de1-4ff1-bab5-98af7bd7622d
[I 2025-06-14 03:48:27.070 ServerApp] Starting buffering for 43cc80fe-9de1-4ff1-bab5-98af7bd7622d:c89c60e6-fc01-4865-947e-d472b11d206a
[I 2025-06-14 03:48:27.128 ServerApp] Connecting to kernel 43cc80fe-9de1-4ff1-bab5-98af7bd7622d.
[I 2025-06-14 03:48:27.128 ServerApp] Restoring connection for 43cc80fe-9de1-4ff1-bab5-98af7bd7622d:c89c60e6-fc01-4865-947e-d472b11d206a
[I 2025-06-14 03:48:46.090 ServerApp] Saving file at /workspace/analysis/isovisc/isovisc_000.ipynb
[W 2025-06-14 03:48:46.091 ServerApp] Notebook workspace/analysis/isovisc/isovisc_000.ipynb is not trusted
[I 2025-06-14 03:49:25.473 ServerApp] Saving file at /workspace/analysis/general.py
[I 2025-06-14 03:49:25.682 ServerApp] Saving file at /workspace/analysis/general.py
[I 2025-06-14 03:49:25.876 ServerApp] Saving file at /workspace/analysis/general.py
[I 2025-06-14 03:49:29.995 ServerApp] Kernel restarted: 43cc80fe-9de1-4ff1-bab5-98af7bd7622d
[I 2025-06-14 03:49:30.001 ServerApp] Starting buffering for 43cc80fe-9de1-4ff1-bab5-98af7bd7622d:c89c60e6-fc01-4865-947e-d472b11d206a
[I 2025-06-14 03:49:30.073 ServerApp] Connecting to kernel 43cc80fe-9de1-4ff1-bab5-98af7bd7622d.
[I 2025-06-14 03:49:30.073 ServerApp] Restoring connection for 43cc80fe-9de1-4ff1-bab5-98af7bd7622d:c89c60e6-fc01-4865-947e-d472b11d206a
[I 2025-06-14 03:50:10.436 ServerApp] Saving file at /workspace/analysis/__init__.py
[I 2025-06-14 03:56:01.064 ServerApp] Saving file at /workspace/analysis/__init__.py
[I 2025-06-14 03:56:01.249 ServerApp] Saving file at /workspace/analysis/__init__.py
[I 2025-06-14 03:56:01.411 ServerApp] Saving file at /workspace/analysis/__init__.py
[I 2025-06-14 03:56:04.771 ServerApp] Saving file at /workspace/analysis/__init__.py
[I 2025-06-14 03:56:04.947 ServerApp] Saving file at /workspace/analysis/__init__.py
[I 2025-06-14 03:56:36.114 ServerApp] Saving file at /workspace/analysis/__init__.py
[I 2025-06-14 03:57:10.638 ServerApp] Saving file at /workspace/analysis/common.py
[I 2025-06-14 03:57:11.617 ServerApp] Saving file at /workspace/analysis/common.py
[I 2025-06-14 03:57:11.817 ServerApp] Saving file at /workspace/analysis/common.py
[I 2025-06-14 03:57:11.969 ServerApp] Saving file at /workspace/analysis/common.py
[I 2025-06-14 03:57:12.148 ServerApp] Saving file at /workspace/analysis/common.py
[I 2025-06-14 03:57:12.336 ServerApp] Saving file at /workspace/analysis/common.py
[I 2025-06-14 03:57:20.251 ServerApp] Saving file at /workspace/analysis/common.py
[I 2025-06-14 03:57:20.434 ServerApp] Saving file at /workspace/analysis/common.py
[I 2025-06-14 03:57:20.631 ServerApp] Saving file at /workspace/analysis/common.py
[I 2025-06-14 03:57:33.525 ServerApp] Saving file at /workspace/analysis/common.py
[I 2025-06-14 03:57:33.712 ServerApp] Saving file at /workspace/analysis/common.py
[I 2025-06-14 03:57:33.879 ServerApp] Saving file at /workspace/analysis/common.py
[I 2025-06-14 03:57:34.035 ServerApp] Saving file at /workspace/analysis/common.py
[I 2025-06-14 03:58:07.319 ServerApp] Saving file at /workspace/analysis/common.py
[I 2025-06-14 03:58:07.521 ServerApp] Saving file at /workspace/analysis/common.py
[I 2025-06-14 03:58:07.698 ServerApp] Saving file at /workspace/analysis/common.py
[I 2025-06-14 03:58:11.654 ServerApp] Saving file at /workspace/analysis/common.py
[I 2025-06-14 03:58:11.858 ServerApp] Saving file at /workspace/analysis/common.py
[I 2025-06-14 03:58:36.051 ServerApp] Saving file at /workspace/analysis/common.py
[I 2025-06-14 03:59:10.035 ServerApp] Saving file at /workspace/analysis/common.py
[I 2025-06-14 03:59:11.521 ServerApp] Saving file at /workspace/analysis/common.py
[I 2025-06-14 03:59:14.287 ServerApp] Kernel restarted: 43cc80fe-9de1-4ff1-bab5-98af7bd7622d
[I 2025-06-14 03:59:14.295 ServerApp] Starting buffering for 43cc80fe-9de1-4ff1-bab5-98af7bd7622d:c89c60e6-fc01-4865-947e-d472b11d206a
[I 2025-06-14 03:59:14.363 ServerApp] Connecting to kernel 43cc80fe-9de1-4ff1-bab5-98af7bd7622d.
[I 2025-06-14 03:59:14.363 ServerApp] Restoring connection for 43cc80fe-9de1-4ff1-bab5-98af7bd7622d:c89c60e6-fc01-4865-947e-d472b11d206a
[I 2025-06-14 03:59:59.855 ServerApp] Saving file at /workspace/aliases.py
[I 2025-06-14 04:00:00.132 ServerApp] Saving file at /workspace/aliases.py
[I 2025-06-14 04:00:00.289 ServerApp] Saving file at /workspace/aliases.py
[I 2025-06-14 04:00:35.733 ServerApp] Saving file at /workspace/analysis/isovisc/data.py
[I 2025-06-14 04:00:35.922 ServerApp] Saving file at /workspace/analysis/isovisc/data.py
[I 2025-06-14 04:00:36.081 ServerApp] Saving file at /workspace/analysis/isovisc/data.py
[I 2025-06-14 04:00:51.091 ServerApp] Saving file at /workspace/analysis/isovisc/data.py
[I 2025-06-14 04:00:51.312 ServerApp] Saving file at /workspace/analysis/isovisc/data.py
[I 2025-06-14 04:00:51.428 ServerApp] Saving file at /workspace/analysis/isovisc/data.py
[I 2025-06-14 04:02:42.370 ServerApp] Saving file at /workspace/analysis/isovisc/data.py
[I 2025-06-14 04:02:42.583 ServerApp] Saving file at /workspace/analysis/isovisc/data.py
[I 2025-06-14 04:02:42.751 ServerApp] Saving file at /workspace/analysis/isovisc/data.py
[I 2025-06-14 04:02:51.000 ServerApp] Saving file at /workspace/analysis/isovisc/data.py
[I 2025-06-14 04:02:51.185 ServerApp] Saving file at /workspace/analysis/isovisc/data.py
[I 2025-06-14 07:30:36.927 ServerApp] Saving file at /workspace/analysis/isovisc/data.py
[I 2025-06-14 07:41:13.734 ServerApp] Kernel restarted: 43cc80fe-9de1-4ff1-bab5-98af7bd7622d
[I 2025-06-14 07:41:13.740 ServerApp] Starting buffering for 43cc80fe-9de1-4ff1-bab5-98af7bd7622d:c89c60e6-fc01-4865-947e-d472b11d206a
[I 2025-06-14 07:41:13.817 ServerApp] Connecting to kernel 43cc80fe-9de1-4ff1-bab5-98af7bd7622d.
[I 2025-06-14 07:41:13.817 ServerApp] Restoring connection for 43cc80fe-9de1-4ff1-bab5-98af7bd7622d:c89c60e6-fc01-4865-947e-d472b11d206a
[I 2025-06-14 07:42:39.390 ServerApp] Saving file at /workspace/analysis/isovisc/isovisc_000.ipynb
[W 2025-06-14 07:42:39.390 ServerApp] Notebook workspace/analysis/isovisc/isovisc_000.ipynb is not trusted
[I 2025-06-14 07:45:36.279 ServerApp] Kernel restarted: 43cc80fe-9de1-4ff1-bab5-98af7bd7622d
[I 2025-06-14 07:45:36.290 ServerApp] Starting buffering for 43cc80fe-9de1-4ff1-bab5-98af7bd7622d:c89c60e6-fc01-4865-947e-d472b11d206a
[I 2025-06-14 07:45:36.350 ServerApp] Connecting to kernel 43cc80fe-9de1-4ff1-bab5-98af7bd7622d.
[I 2025-06-14 07:45:36.350 ServerApp] Restoring connection for 43cc80fe-9de1-4ff1-bab5-98af7bd7622d:c89c60e6-fc01-4865-947e-d472b11d206a
[I 2025-06-14 07:46:39.626 ServerApp] Saving file at /workspace/analysis/isovisc/isovisc_000.ipynb
[I 2025-06-14 07:48:31.133 ServerApp] Saving file at /workspace/resources/everest/everest/h5anchor/disk.py
[I 2025-06-14 07:48:31.331 ServerApp] Saving file at /workspace/resources/everest/everest/h5anchor/disk.py
[I 2025-06-14 07:48:34.565 ServerApp] Kernel restarted: 43cc80fe-9de1-4ff1-bab5-98af7bd7622d
[I 2025-06-14 07:48:34.572 ServerApp] Starting buffering for 43cc80fe-9de1-4ff1-bab5-98af7bd7622d:c89c60e6-fc01-4865-947e-d472b11d206a
[I 2025-06-14 07:48:34.626 ServerApp] Connecting to kernel 43cc80fe-9de1-4ff1-bab5-98af7bd7622d.
[I 2025-06-14 07:48:34.626 ServerApp] Restoring connection for 43cc80fe-9de1-4ff1-bab5-98af7bd7622d:c89c60e6-fc01-4865-947e-d472b11d206a
[I 2025-06-14 07:48:39.710 ServerApp] Saving file at /workspace/analysis/isovisc/isovisc_000.ipynb
[I 2025-06-14 07:50:39.793 ServerApp] Saving file at /workspace/analysis/isovisc/isovisc_000.ipynb
[I 2025-06-14 07:57:07.939 ServerApp] Saving file at /workspace/resources/everest/everest/h5anchor/reader.py
[I 2025-06-14 07:58:07.425 ServerApp] Saving file at /workspace/resources/everest/everest/h5anchor/reader.py
[I 2025-06-14 07:58:07.666 ServerApp] Saving file at /workspace/resources/everest/everest/h5anchor/reader.py
[I 2025-06-14 07:58:07.840 ServerApp] Saving file at /workspace/resources/everest/everest/h5anchor/reader.py
[I 2025-06-14 07:58:10.478 ServerApp] Kernel restarted: 43cc80fe-9de1-4ff1-bab5-98af7bd7622d
[I 2025-06-14 07:58:10.485 ServerApp] Starting buffering for 43cc80fe-9de1-4ff1-bab5-98af7bd7622d:c89c60e6-fc01-4865-947e-d472b11d206a
[I 2025-06-14 07:58:10.548 ServerApp] Connecting to kernel 43cc80fe-9de1-4ff1-bab5-98af7bd7622d.
[I 2025-06-14 07:58:10.548 ServerApp] Restoring connection for 43cc80fe-9de1-4ff1-bab5-98af7bd7622d:c89c60e6-fc01-4865-947e-d472b11d206a
[I 2025-06-14 07:58:39.898 ServerApp] Saving file at /workspace/analysis/isovisc/isovisc_000.ipynb
[I 2025-06-14 08:06:03.056 ServerApp] New terminal with automatic name: 1
[W 2025-06-14 08:09:34.401 ServerApp] 404 GET /api/contents/workspace/resources/everest/everest/h5anchor?content=1&hash=0&1749888574336 (4f4f0b48dbfe44b49eb7cb052d133d10@172.17.0.1) 0.71ms referer=http://localhost:8890/lab/workspaces/research/tree/workspace/resources/everest/everest/h5anchor
[W 2025-06-14 08:09:34.401 ServerApp] 404 GET /api/contents/workspace/resources/everest/everest/h5anchor?content=1&hash=0&1749888574336 (172.17.0.1): No such file or directory: workspace/resources/everest/everest/h5anchor
[I 2025-06-14 08:10:17.157 ServerApp] Kernel restarted: 43cc80fe-9de1-4ff1-bab5-98af7bd7622d
[I 2025-06-14 08:10:17.165 ServerApp] Starting buffering for 43cc80fe-9de1-4ff1-bab5-98af7bd7622d:c89c60e6-fc01-4865-947e-d472b11d206a
[I 2025-06-14 08:10:17.245 ServerApp] Connecting to kernel 43cc80fe-9de1-4ff1-bab5-98af7bd7622d.
[I 2025-06-14 08:10:17.245 ServerApp] Restoring connection for 43cc80fe-9de1-4ff1-bab5-98af7bd7622d:c89c60e6-fc01-4865-947e-d472b11d206a
[W 2025-06-14 08:12:04.842 ServerApp] 404 GET /api/contents/workspace/resources/everest_dev?content=1&hash=0&1749888724778 (4f4f0b48dbfe44b49eb7cb052d133d10@172.17.0.1) 0.86ms referer=http://localhost:8890/lab/workspaces/research/tree/workspace/resources/everest_dev
[W 2025-06-14 08:12:04.842 ServerApp] 404 GET /api/contents/workspace/resources/everest_dev?content=1&hash=0&1749888724778 (172.17.0.1): No such file or directory: workspace/resources/everest_dev
[W 2025-06-14 08:15:07.251 ServerApp] 404 GET /api/contents/workspace/resources/everest/everest/window?content=1&hash=0&1749888907182 (4f4f0b48dbfe44b49eb7cb052d133d10@172.17.0.1) 0.75ms referer=http://localhost:8890/lab/workspaces/research/tree/workspace/resources/everest/everest/window
[W 2025-06-14 08:15:07.251 ServerApp] 404 GET /api/contents/workspace/resources/everest/everest/window?content=1&hash=0&1749888907182 (172.17.0.1): No such file or directory: workspace/resources/everest/everest/window
[I 2025-06-14 08:15:58.239 ServerApp] Kernel restarted: 43cc80fe-9de1-4ff1-bab5-98af7bd7622d
[I 2025-06-14 08:15:58.250 ServerApp] Starting buffering for 43cc80fe-9de1-4ff1-bab5-98af7bd7622d:c89c60e6-fc01-4865-947e-d472b11d206a
[I 2025-06-14 08:15:58.315 ServerApp] Connecting to kernel 43cc80fe-9de1-4ff1-bab5-98af7bd7622d.
[I 2025-06-14 08:15:58.315 ServerApp] Restoring connection for 43cc80fe-9de1-4ff1-bab5-98af7bd7622d:c89c60e6-fc01-4865-947e-d472b11d206a
[I 2025-06-14 08:16:27.613 ServerApp] Saving file at /workspace/resources/everest/everest/h5anchor/reader.py
[I 2025-06-14 08:16:27.843 ServerApp] Saving file at /workspace/resources/everest/everest/h5anchor/reader.py
[I 2025-06-14 08:16:28.020 ServerApp] Saving file at /workspace/resources/everest/everest/h5anchor/reader.py
[I 2025-06-14 08:16:32.391 ServerApp] Kernel restarted: 43cc80fe-9de1-4ff1-bab5-98af7bd7622d
[I 2025-06-14 08:16:32.397 ServerApp] Starting buffering for 43cc80fe-9de1-4ff1-bab5-98af7bd7622d:c89c60e6-fc01-4865-947e-d472b11d206a
[I 2025-06-14 08:16:32.469 ServerApp] Connecting to kernel 43cc80fe-9de1-4ff1-bab5-98af7bd7622d.
[I 2025-06-14 08:16:32.470 ServerApp] Restoring connection for 43cc80fe-9de1-4ff1-bab5-98af7bd7622d:c89c60e6-fc01-4865-947e-d472b11d206a
[I 2025-06-14 08:16:43.909 ServerApp] Saving file at /workspace/analysis/isovisc/isovisc_000.ipynb
[I 2025-06-14 08:19:06.147 ServerApp] Kernel restarted: 43cc80fe-9de1-4ff1-bab5-98af7bd7622d
[I 2025-06-14 08:19:06.153 ServerApp] Starting buffering for 43cc80fe-9de1-4ff1-bab5-98af7bd7622d:c89c60e6-fc01-4865-947e-d472b11d206a
[I 2025-06-14 08:19:06.211 ServerApp] Connecting to kernel 43cc80fe-9de1-4ff1-bab5-98af7bd7622d.
[I 2025-06-14 08:19:06.211 ServerApp] Restoring connection for 43cc80fe-9de1-4ff1-bab5-98af7bd7622d:c89c60e6-fc01-4865-947e-d472b11d206a
[I 2025-06-14 08:20:44.910 ServerApp] Saving file at /workspace/analysis/isovisc/isovisc_000.ipynb
[I 2025-06-14 08:28:05.521 ServerApp] Uploading file to /workspace/resources/everest.zip
[W 2025-06-14 08:28:07.788 ServerApp] 400 GET /api/contents/workspace/resources/everest.zip?type=file&content=1&hash=1&format=text&contentProviderId=undefined&1749889687615 (172.17.0.1): /home/morpheus/workspace/resources/everest.zip is not UTF-8 encoded
[W 2025-06-14 08:28:07.788 ServerApp] wrote error: '/home/morpheus/workspace/resources/everest.zip is not UTF-8 encoded'
    Traceback (most recent call last):
      File "/usr/local/lib/python3.13/dist-packages/jupyter_server/services/contents/fileio.py", line 536, in _read_file
        (bcontent.decode("utf8"), "text", bcontent)
         ~~~~~~~~~~~~~~~^^^^^^^^
    UnicodeDecodeError: 'utf-8' codec can't decode byte 0x81 in position 11: invalid start byte
    
    The above exception was the direct cause of the following exception:
    
    Traceback (most recent call last):
      File "/usr/local/lib/python3.13/dist-packages/tornado/web.py", line 1790, in _execute
        result = await result
                 ^^^^^^^^^^^^
      File "/usr/local/lib/python3.13/dist-packages/jupyter_server/auth/decorator.py", line 73, in inner
        return await out
               ^^^^^^^^^
      File "/usr/local/lib/python3.13/dist-packages/jupyter_server/services/contents/handlers.py", line 156, in get
        model = await ensure_async(
                ^^^^^^^^^^^^^^^^^^^
        ...<7 lines>...
        )
        ^
      File "/usr/local/lib/python3.13/dist-packages/jupyter_core/utils/__init__.py", line 198, in ensure_async
        result = await obj
                 ^^^^^^^^^
      File "/usr/local/lib/python3.13/dist-packages/jupyter_server/services/contents/filemanager.py", line 926, in get
        model = await self._file_model(
                ^^^^^^^^^^^^^^^^^^^^^^^
            path, content=content, format=format, require_hash=require_hash
            ^^^^^^^^^^^^^^^^^^^^^^^^^^^^^^^^^^^^^^^^^^^^^^^^^^^^^^^^^^^^^^^
        )
        ^
      File "/usr/local/lib/python3.13/dist-packages/jupyter_server/services/contents/filemanager.py", line 835, in _file_model
        content, format, bytes_content = await self._read_file(os_path, format, raw=True)  # type: ignore[misc]
                                         ^^^^^^^^^^^^^^^^^^^^^^^^^^^^^^^^^^^^^^^^^^^^^^^^
      File "/usr/local/lib/python3.13/dist-packages/jupyter_server/services/contents/fileio.py", line 545, in _read_file
        raise HTTPError(
        ...<3 lines>...
        ) from e
    tornado.web.HTTPError: HTTP 400: bad format (/home/morpheus/workspace/resources/everest.zip is not UTF-8 encoded)
[W 2025-06-14 08:28:07.813 ServerApp] 400 GET /api/contents/workspace/resources/everest.zip?type=file&content=1&hash=1&format=text&contentProviderId=undefined&1749889687615 (4f4f0b48dbfe44b49eb7cb052d133d10@172.17.0.1) 40.46ms referer=http://localhost:8890/lab/workspaces/research/tree/workspace/resources/everest.zip
[I 2025-06-14 08:28:08.533 ServerApp] Saving file at /workspace/resources/everest.zip
[W 2025-06-14 08:32:12.230 ServerApp] 404 GET /api/contents/workspace/resources/everest/bythic?content=1&hash=0&1749889932162 (4f4f0b48dbfe44b49eb7cb052d133d10@172.17.0.1) 0.92ms referer=http://localhost:8890/lab/workspaces/research/tree/workspace/resources/everest/bythic
[W 2025-06-14 08:32:12.230 ServerApp] 404 GET /api/contents/workspace/resources/everest/bythic?content=1&hash=0&1749889932162 (172.17.0.1): No such file or directory: workspace/resources/everest/bythic
[W 2025-06-14 08:33:04.181 ServerApp] delete /workspace/resources/everest/test.py
[I 2025-06-14 08:33:40.178 ServerApp] Kernel restarted: 43cc80fe-9de1-4ff1-bab5-98af7bd7622d
[I 2025-06-14 08:33:40.185 ServerApp] Starting buffering for 43cc80fe-9de1-4ff1-bab5-98af7bd7622d:c89c60e6-fc01-4865-947e-d472b11d206a
[I 2025-06-14 08:33:40.252 ServerApp] Connecting to kernel 43cc80fe-9de1-4ff1-bab5-98af7bd7622d.
[I 2025-06-14 08:33:40.252 ServerApp] Restoring connection for 43cc80fe-9de1-4ff1-bab5-98af7bd7622d:c89c60e6-fc01-4865-947e-d472b11d206a
[I 2025-06-14 08:34:01.738 ServerApp] Saving file at /workspace/aliases.py
[I 2025-06-14 08:34:02.038 ServerApp] Saving file at /workspace/aliases.py
[I 2025-06-14 08:34:02.158 ServerApp] Saving file at /workspace/aliases.py
[I 2025-06-14 08:34:02.342 ServerApp] Saving file at /workspace/aliases.py
[I 2025-06-14 08:34:02.498 ServerApp] Saving file at /workspace/aliases.py
[I 2025-06-14 08:34:04.079 ServerApp] Saving file at /workspace/aliases.py
[I 2025-06-14 08:34:16.498 ServerApp] Saving file at /workspace/aliases.py
[I 2025-06-14 08:34:16.670 ServerApp] Saving file at /workspace/aliases.py
[I 2025-06-14 08:34:16.835 ServerApp] Saving file at /workspace/aliases.py
[I 2025-06-14 08:34:20.566 ServerApp] Kernel restarted: 43cc80fe-9de1-4ff1-bab5-98af7bd7622d
[I 2025-06-14 08:34:20.579 ServerApp] Starting buffering for 43cc80fe-9de1-4ff1-bab5-98af7bd7622d:c89c60e6-fc01-4865-947e-d472b11d206a
[I 2025-06-14 08:34:20.664 ServerApp] Connecting to kernel 43cc80fe-9de1-4ff1-bab5-98af7bd7622d.
[I 2025-06-14 08:34:20.664 ServerApp] Restoring connection for 43cc80fe-9de1-4ff1-bab5-98af7bd7622d:c89c60e6-fc01-4865-947e-d472b11d206a
[I 2025-06-14 08:34:47.929 ServerApp] Saving file at /workspace/analysis/isovisc/isovisc_000.ipynb
[I 2025-06-14 08:37:33.026 ServerApp] Saving file at /workspace/resources/everest/window/fig.py
[I 2025-06-14 08:37:33.220 ServerApp] Saving file at /workspace/resources/everest/window/fig.py
[I 2025-06-14 08:37:33.392 ServerApp] Saving file at /workspace/resources/everest/window/fig.py
[I 2025-06-14 08:38:00.929 ServerApp] Saving file at /workspace/resources/everest/window/fig.py
[I 2025-06-14 08:38:01.194 ServerApp] Saving file at /workspace/resources/everest/window/fig.py
[I 2025-06-14 08:38:01.297 ServerApp] Saving file at /workspace/resources/everest/window/fig.py
[W 2025-06-14 08:38:19.202 ServerApp] delete /workspace/resources/everest/window/imponew.py
[I 2025-06-14 08:38:28.991 ServerApp] Saving file at /workspace/resources/everest/window/raster.py
[I 2025-06-14 08:38:29.187 ServerApp] Saving file at /workspace/resources/everest/window/raster.py
[I 2025-06-14 08:38:29.379 ServerApp] Saving file at /workspace/resources/everest/window/raster.py
[I 2025-06-14 08:38:29.556 ServerApp] Saving file at /workspace/resources/everest/window/raster.py
[I 2025-06-14 08:38:43.139 ServerApp] Saving file at /workspace/analysis/isovisc/data.py
[I 2025-06-14 08:39:06.210 ServerApp] Saving file at /workspace/analysis/isovisc/isovisc_000.ipynb
[I 2025-06-14 08:39:08.175 ServerApp] Kernel restarted: 43cc80fe-9de1-4ff1-bab5-98af7bd7622d
[I 2025-06-14 08:39:08.181 ServerApp] Starting buffering for 43cc80fe-9de1-4ff1-bab5-98af7bd7622d:c89c60e6-fc01-4865-947e-d472b11d206a
[I 2025-06-14 08:39:08.246 ServerApp] Connecting to kernel 43cc80fe-9de1-4ff1-bab5-98af7bd7622d.
[I 2025-06-14 08:39:08.246 ServerApp] Restoring connection for 43cc80fe-9de1-4ff1-bab5-98af7bd7622d:c89c60e6-fc01-4865-947e-d472b11d206a
[I 2025-06-14 08:40:48.907 ServerApp] Saving file at /workspace/analysis/isovisc/isovisc_000.ipynb
[W 2025-06-14 08:47:36.256 ServerApp] 404 GET /api/contents/workspace/resources/everest/h5anchor/reader?content=1&hash=0&1749890856186 (4f4f0b48dbfe44b49eb7cb052d133d10@172.17.0.1) 0.64ms referer=http://localhost:8890/lab/workspaces/research/tree/workspace/resources/everest/h5anchor/reader
[W 2025-06-14 08:47:36.256 ServerApp] 404 GET /api/contents/workspace/resources/everest/h5anchor/reader?content=1&hash=0&1749890856186 (172.17.0.1): No such file or directory: workspace/resources/everest/h5anchor/reader
[I 2025-06-14 08:52:58.268 ServerApp] Uploading file to /workspace/resources/everest (2).zip
[I 2025-06-14 08:52:59.317 ServerApp] Saving file at /workspace/resources/everest (2).zip
[I 2025-06-14 08:54:41.550 ServerApp] Kernel restarted: 43cc80fe-9de1-4ff1-bab5-98af7bd7622d
[I 2025-06-14 08:54:41.557 ServerApp] Starting buffering for 43cc80fe-9de1-4ff1-bab5-98af7bd7622d:c89c60e6-fc01-4865-947e-d472b11d206a
[I 2025-06-14 08:54:41.656 ServerApp] Connecting to kernel 43cc80fe-9de1-4ff1-bab5-98af7bd7622d.
[I 2025-06-14 08:54:41.656 ServerApp] Restoring connection for 43cc80fe-9de1-4ff1-bab5-98af7bd7622d:c89c60e6-fc01-4865-947e-d472b11d206a
[I 2025-06-14 08:54:53.925 ServerApp] Saving file at /workspace/analysis/isovisc/isovisc_000.ipynb
[W 2025-06-14 08:56:58.072 ServerApp] 404 GET /api/contents/workspace/resources/everest/window/data?content=1&hash=0&1749891417998 (4f4f0b48dbfe44b49eb7cb052d133d10@172.17.0.1) 0.97ms referer=http://localhost:8890/lab/workspaces/research/tree/workspace/resources/everest/window/data
[W 2025-06-14 08:56:58.073 ServerApp] 404 GET /api/contents/workspace/resources/everest/window/data?content=1&hash=0&1749891417998 (172.17.0.1): No such file or directory: workspace/resources/everest/window/data
[I 2025-06-14 08:57:37.958 ServerApp] Kernel restarted: decb5025-4c4a-4878-ab0d-b008bafa8fab
[I 2025-06-14 08:57:37.967 ServerApp] Starting buffering for decb5025-4c4a-4878-ab0d-b008bafa8fab:074e638b-7d25-4b78-8405-a2dab868bb32
[I 2025-06-14 08:57:38.036 ServerApp] Connecting to kernel decb5025-4c4a-4878-ab0d-b008bafa8fab.
[I 2025-06-14 08:57:38.036 ServerApp] Restoring connection for decb5025-4c4a-4878-ab0d-b008bafa8fab:074e638b-7d25-4b78-8405-a2dab868bb32
[I 2025-06-14 08:57:56.967 ServerApp] Kernel restarted: 43cc80fe-9de1-4ff1-bab5-98af7bd7622d
[I 2025-06-14 08:57:56.973 ServerApp] Starting buffering for 43cc80fe-9de1-4ff1-bab5-98af7bd7622d:c89c60e6-fc01-4865-947e-d472b11d206a
[I 2025-06-14 08:57:57.032 ServerApp] Connecting to kernel 43cc80fe-9de1-4ff1-bab5-98af7bd7622d.
[I 2025-06-14 08:57:57.032 ServerApp] Restoring connection for 43cc80fe-9de1-4ff1-bab5-98af7bd7622d:c89c60e6-fc01-4865-947e-d472b11d206a
[I 2025-06-14 08:58:24.946 ServerApp] Saving file at /workspace/book/content/chapter_04_critical/critical.ipynb
[I 2025-06-14 08:58:54.178 ServerApp] Saving file at /workspace/analysis/isovisc/isovisc_000.ipynb
[W 2025-06-14 09:00:34.275 ServerApp] Notebook workspace/analysis/arrhenius/arrhenius_000.ipynb is not trusted
[I 2025-06-14 09:00:35.857 ServerApp] Kernel started: bfa4fbd4-13b4-42e1-9d6b-0ae55ab1aaf9
[I 2025-06-14 09:00:36.328 ServerApp] Connecting to kernel bfa4fbd4-13b4-42e1-9d6b-0ae55ab1aaf9.
[W 2025-06-14 09:00:59.792 ServerApp] Notebook workspace/analysis/cospar/working_019_venusbars.ipynb is not trusted
[I 2025-06-14 09:00:59.972 ServerApp] Kernel started: f301bb09-b3e6-4adc-bd14-80654e9da039
[I 2025-06-14 09:01:00.389 ServerApp] Connecting to kernel f301bb09-b3e6-4adc-bd14-80654e9da039.
[I 2025-06-14 09:01:08.121 ServerApp] Copying 'workspace/analysis/cospar/working_019_venusbars.ipynb' to '/workspace/analysis/cospar'
[W 2025-06-14 09:01:08.123 ServerApp] Notebook workspace/analysis/cospar/working_019_venusbars.ipynb is not trusted
[W 2025-06-14 09:01:08.124 ServerApp] Notebook workspace/analysis/cospar/working_019_venusbars.ipynb is not trusted
[W 2025-06-14 09:01:08.125 ServerApp] Notebook workspace/analysis/cospar/working_019_venusbars-Copy1.ipynb is not trusted
[I 2025-06-14 09:01:25.554 ServerApp] Starting buffering for f301bb09-b3e6-4adc-bd14-80654e9da039:02632202-6694-4586-bd16-977d60de9640
[W 2025-06-14 09:01:27.210 ServerApp] Notebook workspace/analysis/cospar/working_023_venusbars-test.ipynb is not trusted
[I 2025-06-14 09:01:27.445 ServerApp] Kernel started: 51281f72-849b-4ef5-aee7-c0b3d97c3613
[I 2025-06-14 09:01:27.821 ServerApp] Connecting to kernel 51281f72-849b-4ef5-aee7-c0b3d97c3613.
[I 2025-06-14 09:01:34.664 ServerApp] Kernel restarted: 51281f72-849b-4ef5-aee7-c0b3d97c3613
[I 2025-06-14 09:01:34.671 ServerApp] Starting buffering for 51281f72-849b-4ef5-aee7-c0b3d97c3613:c34a1dc4-4ef9-4fc7-be5c-2654afe88418
[I 2025-06-14 09:01:34.728 ServerApp] Connecting to kernel 51281f72-849b-4ef5-aee7-c0b3d97c3613.
[I 2025-06-14 09:01:34.728 ServerApp] Restoring connection for 51281f72-849b-4ef5-aee7-c0b3d97c3613:c34a1dc4-4ef9-4fc7-be5c-2654afe88418
[I 2025-06-14 09:02:34.916 ServerApp] Saving file at /workspace/analysis/arrhenius/arrhenius_000.ipynb
[I 2025-06-14 09:03:27.931 ServerApp] Saving file at /workspace/analysis/cospar/working_023_venusbars-test.ipynb
[W 2025-06-14 09:03:27.932 ServerApp] Notebook workspace/analysis/cospar/working_023_venusbars-test.ipynb is not trusted
[I 2025-06-14 09:21:11.097 ServerApp] Starting buffering for 51281f72-849b-4ef5-aee7-c0b3d97c3613:c34a1dc4-4ef9-4fc7-be5c-2654afe88418
[I 2025-06-14 09:21:12.423 ServerApp] Starting buffering for bfa4fbd4-13b4-42e1-9d6b-0ae55ab1aaf9:18ec37e8-f28f-4164-ab96-e430c4123b21
[I 2025-06-14 09:21:18.797 ServerApp] Starting buffering for 43cc80fe-9de1-4ff1-bab5-98af7bd7622d:c89c60e6-fc01-4865-947e-d472b11d206a
[I 2025-06-14 09:22:52.860 ServerApp] Uploading file to /workspace/data/obsvisc.py
